// Jest Snapshot v1, https://goo.gl/fbAQLP

exports[`visitors variableStatementVisitor 1`] = `
"declare a=# Unsupported initializer type: NumericLiteral

"
`;
